src/components/create-campaign-dialog.tsx(26,8): error TS2307: Cannot find module '@/components/ui/select' or its corresponding type declarations.
src/components/create-campaign-dialog.tsx(63,29): error TS2769: No overload matches this call.
  Overload 1 of 2, '(input: string | Request | URL, init?: RequestInit | undefined): Promise<Response>', gave the following error.
    Argument of type 'string | undefined' is not assignable to parameter of type 'string | Request | URL'.
      Type 'undefined' is not assignable to type 'string | Request | URL'.
  Overload 2 of 2, '(input: URL | RequestInfo, init?: RequestInit | undefined): Promise<Response>', gave the following error.
    Argument of type 'string | undefined' is not assignable to parameter of type 'URL | RequestInfo'.
      Type 'undefined' is not assignable to type 'URL | RequestInfo'.
